hp@LAPTOP-JKAGCLF8 MINGW32 /g
$ git config --global user.name "Sachinbichitkar"

hp@LAPTOP-JKAGCLF8 MINGW32 /g
$ git config --global user.email sachinbichitkar09@gmail.com

hp@LAPTOP-JKAGCLF8 MINGW32 /g
$ git config --global --edit

hp@LAPTOP-JKAGCLF8 MINGW32 /g
$ git config --global core.editor "code --wait"

git init

hp@LAPTOP-JKAGCLF8 MINGW32 /g/CDAC STUDY/GITDEMO
$ git init
Initialized empty Git repository in G:/CDAC STUDY/GITDEMO/.git/

hp@LAPTOP-JKAGCLF8 MINGW32 /g/CDAC STUDY/GITDEMO (master)
$ git status
On branch master

No commits yet

Untracked files:
  (use "git add <file>..." to include in what will be committed)
        new.txt
        triangle.java

nothing added to commit but untracked files present (use "git add" to track)

hp@LAPTOP-JKAGCLF8 MINGW32 /g/CDAC STUDY/GITDEMO (master)
$ ^C

hp@LAPTOP-JKAGCLF8 MINGW32 /g/CDAC STUDY/GITDEMO (master)
$ git add triangle.java

hp@LAPTOP-JKAGCLF8 MINGW32 /g/CDAC STUDY/GITDEMO (master)
$ git config --global core.autocrlf true

hp@LAPTOP-JKAGCLF8 MINGW32 /g/CDAC STUDY/GITDEMO (master)
$ git status
On branch master

No commits yet

Changes to be committed:
  (use "git rm --cached <file>..." to unstage)
        new file:   triangle.java

Untracked files:
  (use "git add <file>..." to include in what will be committed)
        new.txt


hp@LAPTOP-JKAGCLF8 MINGW32 /g/CDAC STUDY/GITDEMO (master)
$ vi triangle.java

hp@LAPTOP-JKAGCLF8 MINGW32 /g/CDAC STUDY/GITDEMO (master)
$ pwd
/g/CDAC STUDY/GITDEMO

hp@LAPTOP-JKAGCLF8 MINGW32 /g/CDAC STUDY/GITDEMO (master)
$ git status
On branch master

No commits yet

Changes to be committed:
  (use "git rm --cached <file>..." to unstage)
        new file:   triangle.java

Untracked files:
  (use "git add <file>..." to include in what will be committed)
        new.txt


hp@LAPTOP-JKAGCLF8 MINGW32 /g/CDAC STUDY/GITDEMO (master)
$ git commit -m "triangle.java created"
[master (root-commit) 071b257] triangle.java created
 1 file changed, 27 insertions(+)
 create mode 100644 triangle.java

